============================================================
PHASE 1-2: FEASIBILITY CHECK - ANALYSIS
============================================================
Input file: data/results/evaluation_results.json

FEASIBILITY REPORT
============================================================
Total problems: 164
Total samples: 16400

CATEGORY DISTRIBUTION:
------------------------------------------------------------
  syntax_error        : 15489 ( 94.4%)
  success             :   845 (  5.2%)
  runtime_error       :    66 (  0.4%)

COMPLEXITY ANALYSIS:
------------------------------------------------------------

  MEDIUM problems:
    syntax_error        : 2759 ( 95.1%)
    success             :  131 (  4.5%)
    runtime_error       :   10 (  0.3%)

  COMPLEX problems:
    syntax_error        : 12730 ( 94.3%)
    success             :  714 (  5.3%)
    runtime_error       :   56 (  0.4%)

============================================================
FEASIBILITY DECISION
============================================================
Categorization rate: 100.0%
Threshold: 70.0%
Clear categories: 16400 / 16400

✅ DECISION: PROCEED TO FULL PAPER

We can clearly categorize failure patterns.
There are interesting differences across complexity levels.
The error taxonomy is well-defined.

NEXT STEPS:
1. Expand to all 164 HumanEval problems
2. Generate 100 samples × 164 = 16,400 total samples
3. Deep dive into error patterns
4. Extract activation patterns
5. Build execution-aware decoding

✅ Full report saved to: data/results/feasibility_report.json
